// Jest Snapshot v1, https://goo.gl/fbAQLP

exports[`App component fully renders properly 1`] = `
<App>
  <BrowserRouter>
    <Router
      history={
        Object {
          "action": "POP",
          "block": [Function],
          "createHref": [Function],
          "go": [Function],
          "goBack": [Function],
          "goForward": [Function],
          "length": 1,
          "listen": [Function],
          "location": Object {
            "hash": "",
            "pathname": "/",
            "search": "",
            "state": undefined,
          },
          "push": [Function],
          "replace": [Function],
        }
      }
    >
      <div>
        <Component
          loggedIn={false}
          logout={[Function]}
        >
          <nav
            className="navbar navbar-toggleable-md navbar-light"
            style={
              Object {
                "backgroundColor": "#009688",
                "borderRadius": 0,
                "marginBottom": 0,
                "paddingBottom": 0,
                "paddingTop": 0,
              }
            }
          >
            <button
              aria-controls="navbarTogglerDemo02"
              aria-expanded="false"
              aria-label="Toggle navigation"
              className="navbar-toggler navbar-toggler-right"
              data-target="#navbarTogglerDemo02"
              data-toggle="collapse"
              type="button"
            >
              <span
                className="navbar-toggler-icon"
              />
            </button>
            <a
              className="navbar-brand"
              href="#"
            >
              <div
                className="logo"
              />
              Recipes by KH
            </a>
            <div
              className="collapse navbar-collapse"
              id="navbarTogglerDemo02"
              style={
                Object {
                  "marginBottom": 0,
                }
              }
            >
              <ul
                className="navbar-nav ml-auto"
                style={
                  Object {
                    "color": "white",
                  }
                }
              >
                <li
                  className="nav-item"
                >
                  <NavLink
                    activeClassName="active"
                    activeStyle={
                      Object {
                        "borderBottomColor": "white",
                        "color": "white",
                      }
                    }
                    ariaCurrent="true"
                    className="nav-link"
                    exact={true}
                    style={
                      Object {
                        "color": "white",
                      }
                    }
                    to="/"
                  >
                    <Route
                      exact={true}
                      path="/"
                    >
                      <Link
                        aria-current="true"
                        className="nav-link active"
                        replace={false}
                        style={
                          Object {
                            "borderBottomColor": "white",
                            "color": "white",
                          }
                        }
                        to="/"
                      >
                        <a
                          aria-current="true"
                          className="nav-link active"
                          href="/"
                          onClick={[Function]}
                          style={
                            Object {
                              "borderBottomColor": "white",
                              "color": "white",
                            }
                          }
                        >
                          <i
                            className="fa fa-home "
                          />
                           
                           
                          Home
                        </a>
                      </Link>
                    </Route>
                  </NavLink>
                </li>
                <li
                  className="nav-item"
                >
                  <NavLink
                    activeClassName="active"
                    activeStyle={
                      Object {
                        "borderBottomColor": "white",
                        "color": "white",
                      }
                    }
                    ariaCurrent="true"
                    className="nav-link"
                    id="signinh"
                    style={
                      Object {
                        "color": "white",
                      }
                    }
                    to="/login"
                  >
                    <Route
                      path="/login"
                    >
                      <Link
                        aria-current={false}
                        className="nav-link"
                        id="signinh"
                        replace={false}
                        style={
                          Object {
                            "color": "white",
                          }
                        }
                        to="/login"
                      >
                        <a
                          aria-current={false}
                          className="nav-link"
                          href="/login"
                          id="signinh"
                          onClick={[Function]}
                          style={
                            Object {
                              "color": "white",
                            }
                          }
                        >
                          <span>
                            <i
                              className="fa fa-sign-in "
                            />
                             Login
                          </span>
                        </a>
                      </Link>
                    </Route>
                  </NavLink>
                </li>
                <li
                  className="nav-item"
                >
                  <NavLink
                    activeClassName="active"
                    activeStyle={
                      Object {
                        "borderBottomColor": "white",
                        "color": "white",
                      }
                    }
                    ariaCurrent="true"
                    className="nav-link"
                    id="signupj"
                    style={
                      Object {
                        "color": "white",
                      }
                    }
                    to="/register"
                  >
                    <Route
                      path="/register"
                    >
                      <Link
                        aria-current={false}
                        className="nav-link"
                        id="signupj"
                        replace={false}
                        style={
                          Object {
                            "color": "white",
                          }
                        }
                        to="/register"
                      >
                        <a
                          aria-current={false}
                          className="nav-link"
                          href="/register"
                          id="signupj"
                          onClick={[Function]}
                          style={
                            Object {
                              "color": "white",
                            }
                          }
                        >
                          <i
                            className="fa fa-user-plus "
                          />
                           
                           
                          Signup
                        </a>
                      </Link>
                    </Route>
                  </NavLink>
                </li>
              </ul>
            </div>
            <Profile>
              <div
                aria-hidden="true"
                aria-labelledby="exampleModalLabel"
                className="modal fade"
                id="userprofile"
                role="dialog"
                tabIndex="-1"
              >
                <div
                  className="modal-dialog"
                  role="document"
                >
                  <div
                    className="modal-content"
                  >
                    <div
                      className="modal-body"
                    >
                      <div
                        className="card"
                      >
                        <div
                          className="card-body text-center"
                        >
                          <i
                            className="fa fa-address-card fa-5x"
                          />
                          <ul>
                            <h4
                              className="card-title "
                            >
                              User details
                            </h4>
                          </ul>
                          <p
                            className="card-text"
                          >
                            <strong>
                              Email
                            </strong>
                            : 
                          </p>
                          <p
                            className="card-text"
                          >
                            <strong>
                              Username
                            </strong>
                            : 
                          </p>
                          <p
                            className="card-text"
                          >
                            <strong>
                              Identity
                            </strong>
                            : 
                          </p>
                        </div>
                      </div>
                    </div>
                    <div
                      className="modal-footer"
                    >
                      <button
                        className="btn btn-secondary"
                        data-dismiss="modal"
                        type="button"
                      >
                        Back
                      </button>
                    </div>
                  </div>
                </div>
              </div>
            </Profile>
          </nav>
        </Component>
        <_class
          options={Object {}}
        >
          <div
            id="notification-wrapper"
          />
        </_class>
        <Switch>
          <Route
            component={[Function]}
            computedMatch={
              Object {
                "isExact": true,
                "params": Object {},
                "path": "/",
                "url": "/",
              }
            }
            exact={true}
            location={
              Object {
                "hash": "",
                "pathname": "/",
                "search": "",
                "state": undefined,
              }
            }
            path="/"
          >
            <component
              history={
                Object {
                  "action": "POP",
                  "block": [Function],
                  "createHref": [Function],
                  "go": [Function],
                  "goBack": [Function],
                  "goForward": [Function],
                  "length": 1,
                  "listen": [Function],
                  "location": Object {
                    "hash": "",
                    "pathname": "/",
                    "search": "",
                    "state": undefined,
                  },
                  "push": [Function],
                  "replace": [Function],
                }
              }
              location={
                Object {
                  "hash": "",
                  "pathname": "/",
                  "search": "",
                  "state": undefined,
                }
              }
              match={
                Object {
                  "isExact": true,
                  "params": Object {},
                  "path": "/",
                  "url": "/",
                }
              }
            >
              <Landing
                history={
                  Object {
                    "action": "POP",
                    "block": [Function],
                    "createHref": [Function],
                    "go": [Function],
                    "goBack": [Function],
                    "goForward": [Function],
                    "length": 1,
                    "listen": [Function],
                    "location": Object {
                      "hash": "",
                      "pathname": "/",
                      "search": "",
                      "state": undefined,
                    },
                    "push": [Function],
                    "replace": [Function],
                  }
                }
                location={
                  Object {
                    "hash": "",
                    "pathname": "/",
                    "search": "",
                    "state": undefined,
                  }
                }
                loggedIn={false}
                match={
                  Object {
                    "isExact": true,
                    "params": Object {},
                    "path": "/",
                    "url": "/",
                  }
                }
              >
                <Slideshow>
                  <div
                    className="container-fluid"
                  >
                    <div
                      className="carousel slide"
                      data-ride="carousel"
                      id="myCarousel"
                    >
                      <ol
                        className="carousel-indicators"
                      >
                        <li
                          className="active"
                          data-slide-to="0"
                          data-target="#myCarousel"
                        />
                        <li
                          data-slide-to="1"
                          data-target="#myCarousel"
                        />
                        <li
                          data-slide-to="2"
                          data-target="#myCarousel"
                        />
                      </ol>
                      <div
                        className="carousel-inner"
                        role="listbox"
                        style={
                          Object {
                            "height": "100%",
                          }
                        }
                      >
                        <FoodImages
                          image="food4.jpg"
                          status="active"
                          text="family meal"
                        >
                          <div
                            className="carousel-item active"
                            style={
                              Object {
                                "height": -50,
                              }
                            }
                          >
                            <img
                              alt="family meal"
                              className="d-block img-fluid"
                              src="food4.jpg"
                              style={
                                Object {
                                  "backgroundPosition": "cover",
                                  "height": "100%",
                                  "width": "100%",
                                }
                              }
                            />
                            <div
                              className="carousel-caption"
                              style={
                                Object {
                                  "padding": 0,
                                }
                              }
                            >
                              <div
                                id="welcome"
                              >
                                <h3>
                                  YOU LOVE COOKING?
                                </h3>
                                <h3>
                                  <span>
                                    WELCOME TO YUMMY RECIPES
                                  </span>
                                </h3>
                                <h4>
                                  SIGNUP AND GET STARTED
                                </h4>
                                <div>
                                  <h2>
                                    It is
                                    <Clock>
                                      <div
                                        className="clock"
                                      >
                                        12
                                        :
                                        41
                                        :
                                        20
                                         
                                        pm
                                      </div>
                                    </Clock>
                                  </h2>
                                </div>
                              </div>
                            </div>
                          </div>
                        </FoodImages>
                        <FoodImages
                          image="new1.jpg"
                          status=""
                          text="proteins one"
                        >
                          <div
                            className="carousel-item "
                            style={
                              Object {
                                "height": -50,
                              }
                            }
                          >
                            <img
                              alt="proteins one"
                              className="d-block img-fluid"
                              src="new1.jpg"
                              style={
                                Object {
                                  "backgroundPosition": "cover",
                                  "height": "100%",
                                  "width": "100%",
                                }
                              }
                            />
                            <div
                              className="carousel-caption"
                              style={
                                Object {
                                  "padding": 0,
                                }
                              }
                            >
                              <div
                                id="welcome"
                              >
                                <h3>
                                  YOU LOVE COOKING?
                                </h3>
                                <h3>
                                  <span>
                                    WELCOME TO YUMMY RECIPES
                                  </span>
                                </h3>
                                <h4>
                                  SIGNUP AND GET STARTED
                                </h4>
                                <div>
                                  <h2>
                                    It is
                                    <Clock>
                                      <div
                                        className="clock"
                                      >
                                        12
                                        :
                                        41
                                        :
                                        20
                                         
                                        pm
                                      </div>
                                    </Clock>
                                  </h2>
                                </div>
                              </div>
                            </div>
                          </div>
                        </FoodImages>
                        <FoodImages
                          image="new2.jpg"
                          status=""
                          text="proteins"
                        >
                          <div
                            className="carousel-item "
                            style={
                              Object {
                                "height": -50,
                              }
                            }
                          >
                            <img
                              alt="proteins"
                              className="d-block img-fluid"
                              src="new2.jpg"
                              style={
                                Object {
                                  "backgroundPosition": "cover",
                                  "height": "100%",
                                  "width": "100%",
                                }
                              }
                            />
                            <div
                              className="carousel-caption"
                              style={
                                Object {
                                  "padding": 0,
                                }
                              }
                            >
                              <div
                                id="welcome"
                              >
                                <h3>
                                  YOU LOVE COOKING?
                                </h3>
                                <h3>
                                  <span>
                                    WELCOME TO YUMMY RECIPES
                                  </span>
                                </h3>
                                <h4>
                                  SIGNUP AND GET STARTED
                                </h4>
                                <div>
                                  <h2>
                                    It is
                                    <Clock>
                                      <div
                                        className="clock"
                                      >
                                        12
                                        :
                                        41
                                        :
                                        20
                                         
                                        pm
                                      </div>
                                    </Clock>
                                  </h2>
                                </div>
                              </div>
                            </div>
                          </div>
                        </FoodImages>
                      </div>
                      <a
                        className="carousel-control-prev"
                        data-slide="prev"
                        href="#myCarousel"
                        role="button"
                      >
                        <span
                          aria-hidden="true"
                          className="carousel-control-prev-icon"
                        />
                        <span
                          className="sr-only"
                        >
                          Previous
                        </span>
                      </a>
                      <a
                        className="carousel-control-next"
                        data-slide="next"
                        href="#myCarousel"
                        role="button"
                      >
                        <span
                          aria-hidden="true"
                          className="carousel-control-next-icon"
                        />
                        <span
                          className="sr-only"
                        >
                          Next
                        </span>
                      </a>
                    </div>
                  </div>
                </Slideshow>
              </Landing>
            </component>
          </Route>
        </Switch>
      </div>
    </Router>
  </BrowserRouter>
</App>
`;

exports[`App component renders properly 1`] = `
<BrowserRouter>
  <div>
    <Component
      loggedIn={false}
      logout={[Function]}
    />
    <_class
      options={Object {}}
    />
    <Switch>
      <Route
        component={[Function]}
        exact={true}
        path="/"
      />
      <Route
        component={[Function]}
        exact={true}
        path="/register"
      />
      <Route
        component={[Function]}
        exact={true}
        path="/reset"
      />
      <PrivateRoute
        component={[Function]}
        exact={true}
        loggedIn={false}
        path="/about"
      />
      <Route
        component={[Function]}
        exact={true}
        path="/login"
      />
      <PrivateRoute
        component={[Function]}
        exact={true}
        loggedIn={false}
        path="/dashboard"
      />
      <PrivateRoute
        component={[Function]}
        exact={true}
        loggedIn={false}
        path="/category/:id/recipes"
      />
      <Route
        component={[Function]}
      />
    </Switch>
  </div>
</BrowserRouter>
`;
