// Jest Snapshot v1, https://goo.gl/fbAQLP

exports[`ResetPassword component renders properly 1`] = `
<div
  className="background"
>
  <div
    id="changepassword"
  >
    <div
      id="form-group"
    >
      <h3>
        Password Reset
      </h3>
      <form
        onSubmit={[Function]}
      >
        <div
          className="input-group"
        >
          <span
            className="input-group-addon pr-4"
            id="email"
          >
            <i
              className="fa fa-envelope"
            />
          </span>
          <input
            aria-describedby="email"
            className="form-control"
            id="emailsignup"
            name="email"
            onChange={[Function]}
            placeholder="example@gmail.com"
            type="email"
            value=""
          />
        </div>
        <br />
        <div
          className="input-group"
        >
          <span
            className="input-group-addon pr-4"
            id="email"
          >
            <i
              className="fa fa-lock"
            />
          </span>
          <input
            className="form-control"
            name="password"
            onChange={[Function]}
            placeholder="Password"
            type="password"
            value=""
          />
        </div>
        <br />
        <div
          className="input-group"
        >
          <span
            className="input-group-addon pr-4"
            id="email"
          >
            <i
              className="fa fa-lock"
            />
          </span>
          <input
            className="form-control"
            name="retyped_password"
            onChange={[Function]}
            placeholder="retype_Password"
            type="password"
            value=""
          />
        </div>
        <br />
        <button
          className="btn btn-default"
          id="signin"
          name="signin"
          type="submit"
        >
          <i
            className="glyphicon glyphicon-log-in"
          >
             Save
          </i>
        </button>
      </form>
    </div>
  </div>
</div>
`;
