// Jest Snapshot v1, https://goo.gl/fbAQLP

exports[`Signup component renders properly 1`] = `
<div
  className="background"
>
  <div
    id="signbar"
  >
    <div>
      <i
        className="fa fa-user-circle fa-5x"
        style={
          Object {
            "color": "#26A69A",
          }
        }
      />
      <div>
         REGISTER 
      </div>
    </div>
    <form
      onSubmit={[Function]}
    >
      <div
        className="input-group"
      >
        <span
          className="input-group-addon pr-4"
          id="username"
        >
          <i
            className="fa fa-user"
          />
        </span>
        <input
          aria-describedby="username"
          className="form-control"
          id="username"
          name="username"
          onChange={[Function]}
          placeholder="example"
          value=""
        />
      </div>
      <br />
      <div
        className="input-group"
      >
        <span
          className="input-group-addon pr-4"
          id="email"
        >
          <i
            className="fa fa-envelope"
          />
        </span>
        <input
          aria-describedby="email"
          className="form-control"
          id="emailsignup"
          name="email_field"
          onChange={[Function]}
          placeholder="example@gmail.com"
          value=""
        />
      </div>
      <br />
      <div
        className="input-group"
      >
        <span
          className="input-group-addon pr-4"
          id="email"
        >
          <i
            className="fa fa-lock"
          />
        </span>
        <input
          className="form-control"
          name="password_field"
          onChange={[Function]}
          placeholder="Password"
          type="password"
          value=""
        />
      </div>
      <br />
      <div
        className="text-center"
      >
        <input
          className="btn btn-default btn-lg"
          id="signup"
          name="signup"
          type="submit"
          value="Signup"
        />
      </div>
      <div
        className="change_link"
      >
        Already a member ?
        <Link
          replace={false}
          to="/login"
        >
          <h4
            className="toregister"
          >
            Login here
          </h4>
        </Link>
      </div>
    </form>
  </div>
</div>
`;
