// Jest Snapshot v1, https://goo.gl/fbAQLP

exports[`Recipe renders correctly 1`] = `
<div
  className="card "
>
  <div
    aria-controls="collapseOne"
    aria-expanded="true"
    className="card-header recipe"
    data-toggle="collapse"
    href="#recipeDetails1"
    id="recipe-1"
    role="tab"
  >
    <h3
      className="mb-0"
    >
      <span
        className="word-font"
      >
        mockTitle
      </span>
    </h3>
  </div>
  <div
    aria-labelledby="recipe-1"
    className="collapse"
    id="recipeDetails1"
    role="tabpanel"
  >
    <div
      className="card-block"
    >
      <h4>
        Description:
      </h4>
      mockDesc
    </div>
    <hr
      style={
        Object {
          "backgroundColor": "#26A69A",
          "height": 2,
        }
      }
    />
    <div
      className="text-center"
      style={
        Object {
          "marginBottom": 4,
        }
      }
    >
      <button
        className="btn btn-sm btn-primary"
        data-target="#edit_recipe1"
        data-toggle="modal"
        to="#"
      >
        <i
          className="fa fa-edit"
        />
         Edit
      </button>
      <button
        className="btn btn-sm btn-danger "
        data-target="#delete_recipe1"
        data-toggle="modal"
        to="#"
      >
        <i
          className="fa fa-trash"
        />
         Delete
      </button>
    </div>
    <EditRecipe
      description="mockDesc"
      editRecipe={[Function]}
      id={1}
      title="mockTitle"
    />
    <DeleteRecipe
      deleteRecipe={[Function]}
      description="mockDesc"
      id={1}
      title="mockTitle"
    />
  </div>
</div>
`;
